package context_only_scope

import (
	"context"
	"log/slog"
	"net/http"
)

func _(ctx context.Context) {
	slog.InfoContext("msg") // want `InfoContext should be used instead`
	slog.InfoContext(ctx, "msg")

	_ = func() {
		slog.InfoContext("msg") // want `InfoContext should be used instead`
		slog.InfoContext(ctx, "msg")
	}
}

func _(r *http.Request) {
	slog.InfoContext("msg") // want `InfoContext should be used instead`
	slog.InfoContext(r.Context(), "msg")

	_ = func() {
		slog.InfoContext("msg") // want `InfoContext should be used instead`
		slog.InfoContext(r.Context(), "msg")
	}
}

func _() {
	slog.Info("msg")
	slog.InfoContext(context.Background(), "msg")

	_ = func(ctx context.Context) {
		slog.InfoContext("msg") // want `InfoContext should be used instead`
		slog.InfoContext(ctx, "msg")
	}
}
